Collecting streamlit>=1.42 (from -r requirements.txt (line 1))
  Using cached streamlit-1.63.0-py3-none-any.whl.metadata (10 kB)
Collecting requests>=2.32 (from -r requirements.txt (line 2))
  Using cached requests-2.34.2-py3-none-any.whl.metadata (4.8 kB)
Collecting scikit-learn>=1.5 (from -r requirements.txt (line 3))
  Using cached scikit_learn-1.9.1-cp314-cp314-win_amd64.whl.metadata (9.3 kB)
Collecting reportlab>=4.2 (from -r requirements.txt (line 4))
  Using cached reportlab-5.0.1-py3-none-any.whl.metadata (1.6 kB)
Collecting altair!=5.4.0,!=5.4.1,<7,>=5.0.0 (from streamlit>=1.42->-r requirements.txt (line 1))
  Using cached altair-6.2.2-py3-none-any.whl.metadata (11 kB)
Collecting click<9,>=7.0 (from streamlit>=1.42->-r requirements.txt (line 1))
  Using cached click-8.5.0-py3-none-any.whl.metadata (2.6 kB)
Requirement already satisfied: numpy<3,>=1.23 in C:\Users\NEC JAPAN\AppData\Local\Python\pythoncore-3.14-64\Lib\site-packages (from streamlit>=1.42->-r requirements.txt (line 1)) (2.5.2)
Requirement already satisfied: packaging>=20 in C:\Users\NEC JAPAN\AppData\Local\Python\pythoncore-3.14-64\Lib\site-packages (from streamlit>=1.42->-r requirements.txt (line 1)) (26.3)
Collecting pandas<4,>=1.4.0 (from streamlit>=1.42->-r requirements.txt (line 1))
  Using cached pandas-3.0.5-cp314-cp314-win_amd64.whl.metadata (19 kB)
Requirement already satisfied: pillow<13,>=7.1.0 in C:\Users\NEC JAPAN\AppData\Local\Python\pythoncore-3.14-64\Lib\site-packages (from streamlit>=1.42->-r requirements.txt (line 1)) (12.3.0)
Collecting pydeck<1,>=0.8.0b4 (from streamlit>=1.42->-r requirements.txt (line 1))
  Using cached pydeck-0.9.3-py2.py3-none-any.whl.metadata (4.2 kB)
Requirement already satisfied: protobuf<8,>=5.26.1 in C:\Users\NEC JAPAN\AppData\Local\Python\pythoncore-3.14-64\Lib\site-packages (from streamlit>=1.42->-r requirements.txt (line 1)) (7.36.1)
Requirement already satisfied: pyarrow!=25.0.0,<26,>=7.0 in C:\Users\NEC JAPAN\AppData\Local\Python\pythoncore-3.14-64\Lib\site-packages (from streamlit>=1.42->-r requirements.txt (line 1)) (25.0.1)
Requirement already satisfied: toml<2,>=0.10.1 in C:\Users\NEC JAPAN\AppData\Local\Python\pythoncore-3.14-64\Lib\site-packages (from streamlit>=1.42->-r requirements.txt (line 1)) (0.10.2)
Requirement already satisfied: typing-extensions<5,>=4.10.0 in C:\Users\NEC JAPAN\AppData\Local\Python\pythoncore-3.14-64\Lib\site-packages (from streamlit>=1.42->-r requirements.txt (line 1)) (4.16.0)
Collecting starlette<2,>=0.46.0 (from streamlit>=1.42->-r requirements.txt (line 1))
  Using cached starlette-1.6.0-py3-none-any.whl.metadata (6.4 kB)
Collecting uvicorn<1,>=0.30.0 (from streamlit>=1.42->-r requirements.txt (line 1))
  Using cached uvicorn-0.52.4-py3-none-any.whl.metadata (6.6 kB)
Collecting httptools<1,>=0.6.3 (from streamlit>=1.42->-r requirements.txt (line 1))
  Using cached httptools-0.8.0-cp314-cp314-win_amd64.whl.metadata (3.7 kB)
Collecting anyio<5,>=4.0.0 (from streamlit>=1.42->-r requirements.txt (line 1))
  Using cached anyio-4.15.1-py3-none-any.whl.metadata (4.7 kB)
Requirement already satisfied: python-multipart<1,>=0.0.10 in C:\Users\NEC JAPAN\AppData\Local\Python\pythoncore-3.14-64\Lib\site-packages (from streamlit>=1.42->-r requirements.txt (line 1)) (0.0.32)
Requirement already satisfied: websockets<17,>=12.0.0 in C:\Users\NEC JAPAN\AppData\Local\Python\pythoncore-3.14-64\Lib\site-packages (from streamlit>=1.42->-r requirements.txt (line 1)) (16.1.1)
Collecting itsdangerous<3,>=2.1.2 (from streamlit>=1.42->-r requirements.txt (line 1))
  Using cached itsdangerous-2.2.0-py3-none-any.whl.metadata (1.9 kB)
Requirement already satisfied: watchdog<7,>=2.1.5 in C:\Users\NEC JAPAN\AppData\Local\Python\pythoncore-3.14-64\Lib\site-packages (from streamlit>=1.42->-r requirements.txt (line 1)) (6.0.0)
Collecting charset_normalizer<4,>=2 (from requests>=2.32->-r requirements.txt (line 2))
  Using cached charset_normalizer-3.5.1-cp314-cp314-win_amd64.whl.metadata (46 kB)
Collecting idna<4,>=2.5 (from requests>=2.32->-r requirements.txt (line 2))
  Using cached idna-3.19-py3-none-any.whl.metadata (9.2 kB)
Requirement already satisfied: urllib3<3,>=1.26 in C:\Users\NEC JAPAN\AppData\Local\Python\pythoncore-3.14-64\Lib\site-packages (from requests>=2.32->-r requirements.txt (line 2)) (2.7.0)
Collecting certifi>=2023.5.7 (from requests>=2.32->-r requirements.txt (line 2))
  Using cached certifi-2026.7.22-py3-none-any.whl.metadata (2.5 kB)
Collecting jinja2 (from altair!=5.4.0,!=5.4.1,<7,>=5.0.0->streamlit>=1.42->-r requirements.txt (line 1))
  Using cached jinja2-3.1.6-py3-none-any.whl.metadata (2.9 kB)
Collecting jsonschema>=3.0 (from altair!=5.4.0,!=5.4.1,<7,>=5.0.0->streamlit>=1.42->-r requirements.txt (line 1))
  Using cached jsonschema-4.26.0-py3-none-any.whl.metadata (7.6 kB)
Requirement already satisfied: narwhals>=2.4.0 in C:\Users\NEC JAPAN\AppData\Local\Python\pythoncore-3.14-64\Lib\site-packages (from altair!=5.4.0,!=5.4.1,<7,>=5.0.0->streamlit>=1.42->-r requirements.txt (line 1)) (2.26.0)
Requirement already satisfied: python-dateutil>=2.8.2 in C:\Users\NEC JAPAN\AppData\Local\Python\pythoncore-3.14-64\Lib\site-packages (from pandas<4,>=1.4.0->streamlit>=1.42->-r requirements.txt (line 1)) (2.9.0.post0)
Requirement already satisfied: tzdata in C:\Users\NEC JAPAN\AppData\Local\Python\pythoncore-3.14-64\Lib\site-packages (from pandas<4,>=1.4.0->streamlit>=1.42->-r requirements.txt (line 1)) (2026.3)
Collecting h11>=0.8 (from uvicorn<1,>=0.30.0->streamlit>=1.42->-r requirements.txt (line 1))
  Using cached h11-0.16.0-py3-none-any.whl.metadata (8.3 kB)
Requirement already satisfied: scipy>=1.10.0 in C:\Users\NEC JAPAN\AppData\Local\Python\pythoncore-3.14-64\Lib\site-packages (from scikit-learn>=1.5->-r requirements.txt (line 3)) (1.18.0)
Collecting joblib>=1.4.0 (from scikit-learn>=1.5->-r requirements.txt (line 3))
  Using cached joblib-1.6.0-py3-none-any.whl.metadata (6.5 kB)
Requirement already satisfied: threadpoolctl>=3.5.0 in C:\Users\NEC JAPAN\AppData\Local\Python\pythoncore-3.14-64\Lib\site-packages (from scikit-learn>=1.5->-r requirements.txt (line 3)) (3.6.0)
Collecting MarkupSafe>=2.0 (from jinja2->altair!=5.4.0,!=5.4.1,<7,>=5.0.0->streamlit>=1.42->-r requirements.txt (line 1))
  Using cached markupsafe-3.0.3-cp314-cp314-win_amd64.whl.metadata (2.8 kB)
Collecting cloudpickle>=3.0 (from joblib>=1.4.0->scikit-learn>=1.5->-r requirements.txt (line 3))
  Using cached cloudpickle-3.1.2-py3-none-any.whl.metadata (7.1 kB)
Collecting attrs>=22.2.0 (from jsonschema>=3.0->altair!=5.4.0,!=5.4.1,<7,>=5.0.0->streamlit>=1.42->-r requirements.txt (line 1))
  Using cached attrs-26.1.0-py3-none-any.whl.metadata (8.8 kB)
Collecting jsonschema-specifications>=2023.03.6 (from jsonschema>=3.0->altair!=5.4.0,!=5.4.1,<7,>=5.0.0->streamlit>=1.42->-r requirements.txt (line 1))
  Using cached jsonschema_specifications-2025.9.1-py3-none-any.whl.metadata (2.9 kB)
Collecting referencing>=0.28.4 (from jsonschema>=3.0->altair!=5.4.0,!=5.4.1,<7,>=5.0.0->streamlit>=1.42->-r requirements.txt (line 1))
  Using cached referencing-0.37.0-py3-none-any.whl.metadata (2.8 kB)
Requirement already satisfied: rpds-py>=0.25.0 in C:\Users\NEC JAPAN\AppData\Local\Python\pythoncore-3.14-64\Lib\site-packages (from jsonschema>=3.0->altair!=5.4.0,!=5.4.1,<7,>=5.0.0->streamlit>=1.42->-r requirements.txt (line 1)) (2026.6.3)
Requirement already satisfied: six>=1.5 in C:\Users\NEC JAPAN\AppData\Local\Python\pythoncore-3.14-64\Lib\site-packages (from python-dateutil>=2.8.2->pandas<4,>=1.4.0->streamlit>=1.42->-r requirements.txt (line 1)) (1.17.0)
Using cached streamlit-1.63.0-py3-none-any.whl (10.5 MB)
Using cached requests-2.34.2-py3-none-any.whl (73 kB)
Using cached altair-6.2.2-py3-none-any.whl (797 kB)
Using cached anyio-4.15.1-py3-none-any.whl (132 kB)
Using cached charset_normalizer-3.5.1-cp314-cp314-win_amd64.whl (204 kB)
Using cached click-8.5.0-py3-none-any.whl (125 kB)
Using cached httptools-0.8.0-cp314-cp314-win_amd64.whl (92 kB)
Using cached idna-3.19-py3-none-any.whl (68 kB)
Using cached itsdangerous-2.2.0-py3-none-any.whl (16 kB)
Using cached pandas-3.0.5-cp314-cp314-win_amd64.whl (10.0 MB)
Using cached pydeck-0.9.3-py2.py3-none-any.whl (11.4 MB)
Using cached starlette-1.6.0-py3-none-any.whl (75 kB)
Using cached uvicorn-0.52.4-py3-none-any.whl (79 kB)
Using cached scikit_learn-1.9.1-cp314-cp314-win_amd64.whl (8.4 MB)
Using cached reportlab-5.0.1-py3-none-any.whl (2.0 MB)
Using cached certifi-2026.7.22-py3-none-any.whl (136 kB)
Using cached h11-0.16.0-py3-none-any.whl (37 kB)
Using cached jinja2-3.1.6-py3-none-any.whl (134 kB)
Using cached joblib-1.6.0-py3-none-any.whl (306 kB)
Using cached cloudpickle-3.1.2-py3-none-any.whl (22 kB)
Using cached jsonschema-4.26.0-py3-none-any.whl (90 kB)
Using cached attrs-26.1.0-py3-none-any.whl (67 kB)
Using cached jsonschema_specifications-2025.9.1-py3-none-any.whl (18 kB)
Using cached markupsafe-3.0.3-cp314-cp314-win_amd64.whl (15 kB)
Using cached referencing-0.37.0-py3-none-any.whl (26 kB)
Installing collected packages: MarkupSafe, itsdangerous, idna, httptools, h11, cloudpickle, click, charset_normalizer, certifi, attrs, uvicorn, requests, reportlab, referencing, pandas, joblib, jinja2, anyio, starlette, scikit-learn, pydeck, jsonschema-specifications, jsonschema, altair, streamlit

Successfully installed MarkupSafe-3.0.3 altair-6.2.2 anyio-4.15.1 attrs-26.1.0 certifi-2026.7.22 charset_normalizer-3.5.1 click-8.5.0 cloudpickle-3.1.2 h11-0.16.0 httptools-0.8.0 idna-3.19 itsdangerous-2.2.0 jinja2-3.1.6 joblib-1.6.0 jsonschema-4.26.0 jsonschema-specifications-2025.9.1 pandas-3.0.5 pydeck-0.9.3 referencing-0.37.0 reportlab-5.0.1 requests-2.34.2 scikit-learn-1.9.1 starlette-1.6.0 streamlit-1.63.0 uvicorn-0.52.4
